0 verbose cli /Users/bob/.nvm/versions/node/v24.19.0/bin/node /Users/bob/.nvm/versions/node/v24.19.0/bin/npm
0 verbose cli /Users/bob/.nvm/versions/node/v24.19.0/bin/node /Users/bob/.nvm/versions/node/v24.19.0/bin/npm
1 info using npm@11.17.0
2 info using node@v24.19.0
3 silly config load:file:/Users/bob/.nvm/versions/node/v24.19.0/lib/node_modules/npm/npmrc
1 info using npm@11.17.0
2 info using node@v24.19.0
3 silly config load:file:/Users/bob/.nvm/versions/node/v24.19.0/lib/node_modules/npm/npmrc
4 info config found workspace root at /Users/bob/Documents/ordering - admin/ordering - admin
4 info config found workspace root at /Users/bob/Documents/ordering - admin/ordering - admin
5 silly config load:file:/Users/bob/Documents/ordering - admin/ordering - admin/.npmrc
5 silly config load:file:/Users/bob/Documents/ordering - admin/ordering - admin/.npmrc
6 silly config load:file:/Users/bob/.npmrc
6 silly config load:file:/Users/bob/.npmrc
7 silly config load:file:/Users/bob/.nvm/versions/node/v24.19.0/etc/npmrc
7 silly config load:file:/Users/bob/.nvm/versions/node/v24.19.0/etc/npmrc
8 verbose title npm ls @tailwindcss/postcss
8 verbose title npm view @tailwindcss/postcss description dist-tags.latest homepage version time
9 verbose argv "ls" "--json" "--depth" "0" "--" "@tailwindcss/postcss"
10 verbose logfile logs-max:10 dir:/Users/bob/Documents/ordering - admin/ordering - admin/apps/admin/.sites-runtime/npm-cache/_logs/2026-08-13T12_11_29_355Z-
9 verbose argv "view" "--json" "--" "@tailwindcss/postcss" "description" "dist-tags.latest" "homepage" "version" "time"
10 verbose logfile logs-max:10 dir:/Users/bob/Documents/ordering - admin/ordering - admin/apps/admin/.sites-runtime/npm-cache/_logs/2026-08-13T12_11_29_355Z-
11 verbose logfile /Users/bob/Documents/ordering - admin/ordering - admin/apps/admin/.sites-runtime/npm-cache/_logs/2026-08-13T12_11_29_355Z-debug-0.log
11 verbose logfile /Users/bob/Documents/ordering - admin/ordering - admin/apps/admin/.sites-runtime/npm-cache/_logs/2026-08-13T12_11_29_355Z-debug-0.log
12 silly logfile done cleaning log files
12 silly logfile done cleaning log files
13 warn Ignoring workspaces for specified package(s)
13 silly packumentCache heap:2348810240 maxSize:587202560 maxEntrySize:293601280
14 verbose shrinkwrap failed to load node_modules/.package-lock.json missing from node_modules: apps/admin
15 verbose cwd /Users/bob/Documents/ordering - admin/ordering - admin/apps/admin
16 verbose os Darwin 23.6.0
17 verbose node v24.19.0
18 verbose npm  v11.17.0
19 verbose exit 0
20 info ok
14 http fetch GET 200 https://registry.npmjs.org/@tailwindcss%2fpostcss 428ms (cache miss)
15 verbose cwd /Users/bob/Documents/ordering - admin/ordering - admin/apps/admin
16 verbose os Darwin 23.6.0
17 verbose node v24.19.0
18 verbose npm  v11.17.0
19 verbose exit 0
20 info ok
